// Jest Snapshot v1, https://goo.gl/fbAQLP

exports[`CourseListRow Component renders correctly 1`] = `
<tr>
  <td>
    <a
      href="react-flux-building-applications"
      rel="noopener noreferrer"
      target="_blank"
    >
      Watch
    </a>
  </td>
  <td>
    <Link
      replace={false}
      to="/course/react-flux-building-applications"
    >
      Building Applications in React and Flux
    </Link>
  </td>
  <td>
    cory-house
  </td>
  <td>
    JavaScript
  </td>
  <td>
    5:08
  </td>
  <td>
    <button
      className="btn btn-sm btn-danger"
      onClick={[Function]}
      type="button"
    >
      Delete
    </button>
  </td>
</tr>
`;
