// Jest Snapshot v1, https://goo.gl/fbAQLP

exports[`Header Component renders correctly 1`] = `
<nav
  className="navbar navbar-default"
>
  <div
    className="container"
  >
    <Link
      className="navbar-brand"
      replace={false}
      to="/"
    >
      <img
        alt="brand"
        src="test-file-mock"
      />
    </Link>
    <ul
      className="nav navbar-nav pull-right"
    >
      <li
        className="link active"
      >
        <Link
          replace={false}
          to="/"
        >
          Home
        </Link>
      </li>
      <li
        className="link false"
      >
        <Link
          replace={false}
          to="/authors"
        >
          Authors 
          <span
            className="count"
          >
            0
          </span>
        </Link>
      </li>
      <li
        className="link false"
      >
        <Link
          replace={false}
          to="/courses"
        >
          Courses 
          <span
            className="count"
          >
            0
          </span>
        </Link>
      </li>
      <li
        className="link false"
      >
        <Link
          replace={false}
          to="/about"
        >
          About
        </Link>
      </li>
    </ul>
  </div>
</nav>
`;
