// Jest Snapshot v1, https://goo.gl/fbAQLP

exports[`Loader Component renders correctly 1`] = `
<div
  className="loader"
>
  <PreloaderIcon
    className=""
    duration={800}
    loader={[Function]}
    size={20}
    strokeColor="#337AB7"
    strokeWidth={12}
    style={Object {}}
    unit="px"
  />
</div>
`;
