// Jest Snapshot v1, https://goo.gl/fbAQLP

exports[`TextInput Component renders correctly 1`] = `
<TextInput
  error=""
  label=""
  loading={false}
  name=""
  onChange={[MockFunction]}
  onFocus={[MockFunction]}
  placeholder=""
  value=""
>
  <div
    className="form-group"
  >
    <label
      htmlFor=""
    />
    <div
      className="field custom-field"
    >
      <input
        className="form-control"
        name=""
        onChange={[MockFunction]}
        onFocus={[MockFunction]}
        placeholder=""
        type="text"
        value=""
      />
    </div>
  </div>
</TextInput>
`;
